#Key mappings for locale=tr_TR (os=Windows XP, 5.1)
#Thu Apr 09 11:14:06 EEST 2009
QUOTEDBL.8=system
LESS.8=system
QUOTEDBL.2=untyped
LESS.2=1c
QUOTEDBL.1=e9
LESS.1=d6
QUOTEDBL.0=22
QUOTEDBL.A=3c
LESS.0=f6
CIRCUMFLEX.8=illegal
RIGHT.8=system
CIRCUMFLEX.2=illegal
RIGHT.2=untyped
CIRCUMFLEX.1=illegal
RIGHT.1=untyped
CIRCUMFLEX.0=illegal
RIGHT.0=untyped
SEPARATER.8=untyped
BRACERIGHT.8=illegal
SEPARATER.2=untyped
SEPARATER.1=untyped
BRACERIGHT.2=illegal
SEPARATER.0=untyped
DOWN.8=system
BRACERIGHT.1=illegal
BRACERIGHT.0=illegal
KP_RIGHT.8=illegal
W.8=system
DOWN.2=untyped
DOWN.1=untyped
NUMPAD8.8=system
DOWN.0=untyped
KP_RIGHT.2=illegal
BACK_SLASH.8=illegal
KP_RIGHT.1=illegal
KP_RIGHT.0=illegal
W.2=17
W.1=57
W.0=77
NUMPAD8.2=untyped
S.8=system
#NUMPAD8.1=38
BACK_SLASH.2=illegal
NUMPAD8.0=38
BACK_SLASH.1=illegal
NUMPAD4.8=system
BACK_SLASH.0=illegal
S.2=13
S.1=53
S.0=73
NUMPAD4.2=untyped
RIGHT_PARENTHESIS.8=illegal
O.8=system
#NUMPAD4.1=34
COMPOSE.8=illegal
NUMPAD4.0=34
NUMPAD0.8=system
RIGHT_PARENTHESIS.2=illegal
O.2=f
COMPOSE.2=illegal
RIGHT_PARENTHESIS.1=illegal
PRINTSCREEN.8=system
O.1=4f
COMPOSE.1=illegal
RIGHT_PARENTHESIS.0=illegal
O.0=6f
O.10=f4
O.11=d4
O.20=f6
O.21=d6
O.30=f2
O.31=d2
O.50=f5
O.51=d5
NUMPAD0.2=untyped
COMPOSE.0=illegal
NUMPAD0.1=30
K.8=system
NUMPAD0.0=30
STOP.8=illegal
PRINTSCREEN.2=system
PRINTSCREEN.1=system
PRINTSCREEN.0=system
K.2=b
K.1=4b
K.0=6b
STOP.2=illegal
G.8=system
EQUALS.8=illegal
STOP.1=illegal
STOP.0=illegal
G.2=7
EQUALS.2=illegal
G.1=47
EQUALS.1=illegal
EQUALS.0=illegal
G.0=67
C.8=system
C.2=3
C.1=43
C.0=63
BRACELEFT.8=illegal
BRACELEFT.2=illegal
BRACELEFT.1=illegal
BRACELEFT.0=illegal
7.8=37
AT.8=illegal
7.2=untyped
7.1=2f
7.0=37
7.A=7b
AT.2=illegal
3.8=33
AT.1=illegal
AT.0=illegal
HOME.8=system
3.2=untyped
3.1=5e
3.0=33
3.A=23
AGAIN.8=illegal
HOME.2=untyped
HOME.1=untyped
HOME.0=untyped
AGAIN.2=illegal
AGAIN.1=illegal
AGAIN.0=illegal
ENTER.8=system
NONCONVERT.8=system
ENTER.2=a
ENTER.1=a
ENTER.0=a
NONCONVERT.2=untyped
NONCONVERT.1=untyped
NONCONVERT.0=untyped
ASTERISK.8=system
WINDOWS.8=system
ASTERISK.2=untyped
WINDOWS.2=untyped
ASTERISK.1=3f
WINDOWS.1=untyped
PAUSE.8=system
ASTERISK.0=2a
ASTERISK.A=5c
WINDOWS.0=untyped
PAUSE.2=untyped
EXCLAMATION_MARK.8=illegal
PAUSE.1=untyped
PAUSE.0=untyped
EXCLAMATION_MARK.2=illegal
EXCLAMATION_MARK.1=illegal
EXCLAMATION_MARK.0=illegal
PLUS.8=illegal
DOLLAR.8=illegal
FIND.8=illegal
PLUS.2=illegal
PLUS.1=illegal
DOLLAR.2=illegal
PLUS.0=illegal
DOLLAR.1=illegal
MINUS.8=system
DOLLAR.0=illegal
FIND.2=illegal
FIND.1=illegal
FIND.0=illegal
MINUS.2=untyped
MINUS.1=5f
MINUS.0=2d
MINUS.A=7c
COPY.8=illegal
Z.8=7a
KP_DOWN.8=illegal
COPY.2=illegal
COPY.1=illegal
Z.2=1a
COPY.0=illegal
Z.1=5a
Z.0=7a
KP_DOWN.2=illegal
V.8=system
KP_DOWN.1=illegal
KP_DOWN.0=illegal
#NUMPAD7.8=system
V.2=16
V.1=56
V.0=76
#NUMPAD7.2=untyped
R.8=system
#NUMPAD7.1=37
#NUMPAD7.0=37
NUMPAD3.8=system
UNDERSCORE.8=illegal
R.2=12
R.1=52
ESCAPE.8=system
R.0=72
NUMPAD3.2=untyped
NUMPAD3.1=33
N.8=system
NUMPAD3.0=33
UNDERSCORE.2=illegal
UNDERSCORE.1=illegal
SPACE.8=untyped
ESCAPE.2=system
UNDERSCORE.0=illegal
ESCAPE.1=1b
N.2=e
ESCAPE.0=1b
N.1=4e
N.0=6e
J.8=system
SPACE.2=20
UP.8=system
SPACE.1=20
SPACE.0=20
J.2=a
J.1=4a
UP.2=untyped
J.0=6a
UP.1=untyped
F.8=system
UP.0=untyped
F.2=6
F.1=46
F.0=66
B.8=system
B.2=2
B.1=42
B.0=62
CLEAR.8=system
CLEAR.2=untyped
6.8=36
CLEAR.1=untyped
CLEAR.0=untyped
AMPERSAND.8=illegal
6.2=untyped
6.1=26
6.0=36
2.8=32
AMPERSAND.2=illegal
AMPERSAND.1=illegal
AMPERSAND.0=illegal
2.2=untyped
2.1=27
2.0=32
2.A=a3
GREATER.8=illegal
GREATER.2=illegal
GREATER.1=c7
GREATER.0=e7
ACCEPT.8=illegal
ACCEPT.2=illegal
ACCEPT.1=illegal
ACCEPT.0=illegal
END.8=system
SEMICOLON.8=illegal
END.2=untyped
SEMICOLON.2=illegal
END.1=untyped
SEMICOLON.1=15e
PAGE_UP.8=system
END.0=untyped
SEMICOLON.0=15f
PAGE_UP.2=untyped
PAGE_UP.1=untyped
PAGE_UP.0=untyped
PROPS.8=illegal
PROPS.2=illegal
PROPS.1=illegal
PROPS.0=illegal
PASTE.8=illegal
BACK_QUOTE.8=illegal
PASTE.2=illegal
Y.8=79
PASTE.1=illegal
BACK_QUOTE.2=illegal
EURO_SIGN.8=illegal
PASTE.0=illegal
BACK_QUOTE.1=illegal
BACK_QUOTE.0=illegal
Y.2=19
EURO_SIGN.2=illegal
Y.1=59
EURO_SIGN.1=illegal
Y.0=79
EURO_SIGN.0=illegal
U.8=system
NUMPAD6.8=system
CANCEL.8=system
U.2=15
U.1=55
U.0=75
U.10=fb
U.11=db
U.20=fc
U.21=dc
U.30=f9
U.31=d9
NUMPAD6.2=untyped
CANCEL.2=3
Q.8=system
NUMPAD6.1=36
CANCEL.1=3
NUMPAD6.0=36
CANCEL.0=3
NUMPAD2.8=system
Q.2=11
Q.1=51
Q.0=71
Q.A=40
NUMPAD2.2=untyped
NUMPAD2.1=32
M.8=system
NUMPAD2.0=32
M.2=a
M.1=4d
M.0=6d
I.8=system
I.2=9
I.1=49
I.0=131
I.10=ee
I.11=ce
I.20=ef
I.21=cf
I.30=ec
I.31=ce
E.8=system
E.2=5
E.1=45
E.A=20ac
E.10=ea
E.11=ca
E.20=eb
E.21=cb
E.30=e8
E.31=c8
LEFT_PARENTHESIS.8=illegal
E.0=65
A.8=system
COMMA.8=system
LEFT_PARENTHESIS.2=illegal
SEPARATOR.8=untyped
LEFT_PARENTHESIS.1=illegal
A.2=1
A.1=41
LEFT_PARENTHESIS.0=illegal
COMMA.2=1c
A.0=61
A.10=e2
A.11=c2
A.20=e4
A.21=c4
A.30=e0
A.31=c0
A.50=e3
A.51=c3
KP_LEFT.8=illegal
COMMA.1=3b
COMMA.0=2c
COMMA.A=60
SEPARATOR.2=untyped
SEPARATOR.1=untyped
SEPARATOR.0=untyped
KP_LEFT.2=illegal
KP_LEFT.1=illegal
KP_LEFT.0=illegal
9.8=39
9.2=untyped
9.1=29
9.0=39
9.A=5d
5.8=35
5.2=untyped
5.1=25
5.0=35
5.A=bd
CONTEXT_MENU.8=system
1.8=31
CONTEXT_MENU.2=untyped
1.2=untyped
CONTEXT_MENU.1=untyped
1.1=21
CONTEXT_MENU.0=untyped
1.0=31
1.A=3e
KP_UP.8=illegal
LEFT.8=system
KP_UP.2=illegal
KP_UP.1=illegal
LEFT.2=untyped
SLASH.8=illegal
KP_UP.0=illegal
LEFT.1=untyped
LEFT.0=untyped
SLASH.2=illegal
SLASH.1=illegal
SLASH.0=illegal
CUT.8=illegal
BACK_SPACE.8=system
INVERTED_EXCLAMATION_MARK.8=illegal
CUT.2=illegal
BACK_SPACE.2=7f
INVERTED_EXCLAMATION_MARK.2=illegal
CUT.1=illegal
BACK_SPACE.1=8
INVERTED_EXCLAMATION_MARK.1=illegal
CUT.0=illegal
BACK_SPACE.0=8
INVERTED_EXCLAMATION_MARK.0=illegal
COLON.8=illegal
CLOSE_BRACKET.8=illegal
UNDO.8=illegal
COLON.2=illegal
COLON.1=illegal
COLON.0=illegal
CLOSE_BRACKET.2=illegal
UNDO.2=illegal
CLOSE_BRACKET.1=dc
UNDO.1=illegal
CLOSE_BRACKET.0=fc
CLOSE_BRACKET.A=7e
UNDO.0=illegal
MODECHANGE.8=illegal
MODECHANGE.2=illegal
MODECHANGE.1=illegal
MODECHANGE.0=illegal
FINAL.8=illegal
X.8=system
NUMPAD9.8=system
FINAL.2=illegal
X.2=18
FINAL.1=illegal
X.1=58
FINAL.0=illegal
X.0=78
NUMPAD9.2=untyped
T.8=system
NUMPAD9.1=39
NUMPAD9.0=39
NUMPAD5.8=system
T.2=14
T.1=54
T.0=74
NUMPAD5.2=untyped
DECIMAL.8=system
P.8=system
NUMPAD5.1=35
NUMPAD5.0=35
SUBTRACT.8=system
NUMPAD1.8=system
DECIMAL.2=untyped
P.2=10
DECIMAL.1=2c
P.1=50
DECIMAL.0=2c
SUBTRACT.2=untyped
PAGE_DOWN.8=system
P.0=70
NUMPAD1.2=untyped
SUBTRACT.1=2d
NUMPAD1.1=31
L.8=system
SUBTRACT.0=2d
NUMPAD1.0=31
OPEN_BRACKET.8=illegal
PAGE_DOWN.2=untyped
PAGE_DOWN.1=untyped
L.2=c
PAGE_DOWN.0=untyped
L.1=4c
OPEN_BRACKET.2=illegal
L.0=6c
OPEN_BRACKET.1=11e
H.8=system
OPEN_BRACKET.0=11f
OPEN_BRACKET.A=a8
MULTIPLY.8=system
H.2=8
H.1=48
H.0=68
CONVERT.8=system
D.8=system
MULTIPLY.2=untyped
MULTIPLY.1=2a
MULTIPLY.0=2a
CONVERT.2=untyped
D.2=4
CONVERT.1=untyped
D.1=44
QUOTE.8=illegal
CONVERT.0=untyped
D.0=64
INSERT.8=system
QUOTE.2=illegal
QUOTE.1=illegal
INSERT.2=untyped
QUOTE.0=illegal
INSERT.1=untyped
INSERT.0=untyped
NUMBER_SIGN.8=illegal
NUMBER_SIGN.2=illegal
NUMBER_SIGN.1=illegal
NUMBER_SIGN.0=illegal
8.8=38
TAB.8=system
8.2=untyped
8.1=28
8.0=38
8.A=5b
4.8=34
TAB.2=system
DELETE.8=system
TAB.1=9
TAB.0=9
HELP.8=system
4.2=untyped
4.1=2b
DELETE.2=7f
4.0=34
4.A=24
DELETE.1=7f
0.8=30
DELETE.0=7f
HELP.2=untyped
HELP.1=untyped
HELP.0=untyped
0.2=untyped
0.1=3d
0.0=30
0.A=7d
BEGIN.8=illegal
BEGIN.2=illegal
BEGIN.1=illegal
BEGIN.0=illegal
PERIOD.8=system
PERIOD.2=untyped
PERIOD.1=3a
PERIOD.0=2e
