#Default key mappings (locale=en_US os=Windows XP)
#Wed Aug 18 11:25:16 EDT 2004
0.0=30
0.1=29
0.2=untyped
0.8=30
1.0=31
1.1=21
1.2=untyped
1.8=31
2.0=32
2.1=40
2.2=untyped
2.8=32
3.0=33
3.1=23
3.2=untyped
3.8=33
4.0=34
4.1=24
4.2=untyped
4.8=34
5.0=35
5.1=25
5.2=untyped
5.8=35
6.0=36
6.1=5e
6.2=untyped
6.8=36
7.0=37
7.1=26
7.2=untyped
7.8=37
8.0=38
8.1=2a
8.2=untyped
8.8=38
9.0=39
9.1=28
9.2=untyped
9.8=39
A.0=61
A.1=41
A.2=1
A.8=61
ACCEPT.0=illegal
ACCEPT.1=illegal
ACCEPT.2=illegal
ACCEPT.8=illegal
ADD.0=2b
ADD.1=2b
ADD.2=untyped
ADD.8=2b
AGAIN.0=illegal
AGAIN.1=illegal
AGAIN.2=illegal
AGAIN.8=illegal
AMPERSAND.0=illegal
AMPERSAND.1=illegal
AMPERSAND.2=illegal
AMPERSAND.8=illegal
ASTERISK.0=illegal
ASTERISK.1=illegal
ASTERISK.2=illegal
ASTERISK.8=illegal
AT.0=illegal
AT.1=illegal
AT.2=illegal
AT.8=illegal
B.0=62
B.1=42
B.2=2
B.8=62
BACK_QUOTE.0=60
BACK_QUOTE.1=7e
BACK_QUOTE.2=untyped
BACK_QUOTE.8=60
BACK_SLASH.0=5c
BACK_SLASH.1=7c
BACK_SLASH.2=1c
BACK_SLASH.8=5c
BACK_SPACE.0=8
BACK_SPACE.1=8
BACK_SPACE.2=7f
BACK_SPACE.8=8
BRACELEFT.0=illegal
BRACELEFT.1=illegal
BRACELEFT.2=illegal
BRACELEFT.8=illegal
BRACERIGHT.0=illegal
BRACERIGHT.1=illegal
BRACERIGHT.2=illegal
BRACERIGHT.8=illegal
C.0=63
C.1=43
C.2=3
C.8=63
CANCEL.0=3
CANCEL.1=3
CANCEL.2=3
CANCEL.8=3
CIRCUMFLEX.0=illegal
CIRCUMFLEX.1=illegal
CIRCUMFLEX.2=illegal
CIRCUMFLEX.8=illegal
CLEAR.0=untyped
CLEAR.1=untyped
CLEAR.2=untyped
CLEAR.8=untyped
CLOSE_BRACKET.0=5d
CLOSE_BRACKET.1=7d
CLOSE_BRACKET.2=1d
CLOSE_BRACKET.8=5d
COLON.0=illegal
COLON.1=illegal
COLON.2=illegal
COLON.8=illegal
COMMA.0=2c
COMMA.1=3c
COMMA.2=untyped
COMMA.8=2c
COMPOSE.0=illegal
COMPOSE.1=illegal
COMPOSE.2=illegal
COMPOSE.8=illegal
CONVERT.0=untyped
CONVERT.1=untyped
CONVERT.2=untyped
CONVERT.8=untyped
COPY.0=illegal
COPY.1=illegal
COPY.2=illegal
COPY.8=illegal
CUT.0=illegal
CUT.1=illegal
CUT.2=illegal
CUT.8=illegal
D.0=64
D.1=44
D.2=4
D.8=64
DECIMAL.0=2e
DECIMAL.1=2e
DECIMAL.2=untyped
DECIMAL.8=2e
DELETE.0=7f
DELETE.1=7f
DELETE.2=7f
DELETE.8=7f
DIVIDE.0=2f
DIVIDE.1=2f
DIVIDE.2=untyped
DIVIDE.8=2f
DOLLAR.0=illegal
DOLLAR.1=illegal
DOLLAR.2=illegal
DOLLAR.8=illegal
DOWN.0=untyped
DOWN.1=untyped
DOWN.2=untyped
DOWN.8=untyped
E.0=65
E.1=45
E.2=5
E.8=65
END.0=untyped
END.1=untyped
END.2=untyped
END.8=untyped
ENTER.0=a
ENTER.1=a
ENTER.2=a
ENTER.8=a
EQUALS.0=3d
EQUALS.1=2b
EQUALS.2=untyped
EQUALS.8=3d
ESCAPE.0=1b
ESCAPE.1=1b
ESCAPE.2=system
ESCAPE.8=system
EURO_SIGN.0=illegal
EURO_SIGN.1=illegal
EURO_SIGN.2=illegal
EURO_SIGN.8=illegal
EXCLAMATION_MARK.0=illegal
EXCLAMATION_MARK.1=illegal
EXCLAMATION_MARK.2=illegal
EXCLAMATION_MARK.8=illegal
F.0=66
F.1=46
F.2=system
F.8=66
FINAL.0=illegal
FINAL.1=illegal
FINAL.2=illegal
FINAL.8=illegal
FIND.0=illegal
FIND.1=illegal
FIND.2=illegal
FIND.8=illegal
G.0=67
G.1=47
G.2=7
G.8=67
GREATER.0=illegal
GREATER.1=illegal
GREATER.2=illegal
GREATER.8=illegal
H.0=68
H.1=48
H.2=8
H.8=68
HELP.0=untyped
HELP.1=untyped
HELP.2=untyped
HELP.8=untyped
HOME.0=untyped
HOME.1=untyped
HOME.2=untyped
HOME.8=untyped
I.0=69
I.1=49
I.2=9
I.8=69
INSERT.0=untyped
INSERT.1=untyped
INSERT.2=untyped
INSERT.8=untyped
INVERTED_EXCLAMATION_MARK.0=illegal
INVERTED_EXCLAMATION_MARK.1=illegal
INVERTED_EXCLAMATION_MARK.2=illegal
INVERTED_EXCLAMATION_MARK.8=illegal
J.0=6a
J.1=4a
J.2=a
J.8=6a
K.0=6b
K.1=4b
K.2=b
K.8=6b
KP_DOWN.0=illegal
KP_DOWN.1=illegal
KP_DOWN.2=illegal
KP_DOWN.8=illegal
KP_LEFT.0=illegal
KP_LEFT.1=illegal
KP_LEFT.2=illegal
KP_LEFT.8=illegal
KP_RIGHT.0=illegal
KP_RIGHT.1=illegal
KP_RIGHT.2=illegal
KP_RIGHT.8=illegal
KP_UP.0=illegal
KP_UP.1=illegal
KP_UP.2=illegal
KP_UP.8=illegal
L.0=6c
L.1=4c
L.2=c
L.8=6c
LEFT.0=untyped
LEFT.1=untyped
LEFT.2=untyped
LEFT.8=untyped
LEFT_PARENTHESIS.0=illegal
LEFT_PARENTHESIS.1=illegal
LEFT_PARENTHESIS.2=illegal
LEFT_PARENTHESIS.8=illegal
LESS.0=illegal
LESS.1=illegal
LESS.2=illegal
LESS.8=illegal
M.0=6d
M.1=4d
M.2=a
M.8=6d
MINUS.0=2d
MINUS.1=5f
MINUS.2=untyped
MINUS.8=2d
MODECHANGE.0=illegal
MODECHANGE.1=illegal
MODECHANGE.2=illegal
MODECHANGE.8=illegal
MULTIPLY.0=2a
MULTIPLY.1=2a
MULTIPLY.2=untyped
MULTIPLY.8=2a
N.0=6e
N.1=4e
N.2=e
N.8=6e
NONCONVERT.0=untyped
NONCONVERT.1=untyped
NONCONVERT.2=untyped
NONCONVERT.8=untyped
NUMBER_SIGN.0=illegal
NUMBER_SIGN.1=illegal
NUMBER_SIGN.2=illegal
NUMBER_SIGN.8=illegal
NUMPAD0.0=30
NUMPAD0.1=untyped
NUMPAD0.2=untyped
NUMPAD0.8=untyped
NUMPAD1.0=31
NUMPAD1.1=untyped
NUMPAD1.2=untyped
NUMPAD1.8=untyped
NUMPAD2.0=32
NUMPAD2.1=untyped
NUMPAD2.2=untyped
NUMPAD2.8=untyped
NUMPAD3.0=33
NUMPAD3.1=untyped
NUMPAD3.2=untyped
NUMPAD3.8=untyped
NUMPAD4.0=34
NUMPAD4.1=untyped
NUMPAD4.2=untyped
NUMPAD4.8=untyped
NUMPAD5.0=35
NUMPAD5.1=untyped
NUMPAD5.2=untyped
NUMPAD5.8=untyped
NUMPAD6.0=36
NUMPAD6.1=untyped
NUMPAD6.2=untyped
NUMPAD6.8=untyped
NUMPAD7.0=37
NUMPAD7.1=untyped
NUMPAD7.2=untyped
NUMPAD7.8=untyped
NUMPAD8.0=38
NUMPAD8.1=untyped
NUMPAD8.2=untyped
NUMPAD8.8=untyped
NUMPAD9.0=39
NUMPAD9.1=untyped
NUMPAD9.2=untyped
NUMPAD9.8=untyped
O.0=6f
O.1=4f
O.2=f
O.8=6f
OPEN_BRACKET.0=5b
OPEN_BRACKET.1=7b
OPEN_BRACKET.2=1b
OPEN_BRACKET.8=5b
P.0=70
P.1=50
P.2=10
P.8=70
PAGE_DOWN.0=untyped
PAGE_DOWN.1=untyped
PAGE_DOWN.2=untyped
PAGE_DOWN.8=untyped
PAGE_UP.0=untyped
PAGE_UP.1=untyped
PAGE_UP.2=untyped
PAGE_UP.8=untyped
PASTE.0=illegal
PASTE.1=illegal
PASTE.2=illegal
PASTE.8=illegal
PAUSE.0=untyped
PAUSE.1=untyped
PAUSE.2=untyped
PAUSE.8=untyped
PERIOD.0=2e
PERIOD.1=3e
PERIOD.2=untyped
PERIOD.8=2e
PLUS.0=illegal
PLUS.1=illegal
PLUS.2=illegal
PLUS.8=illegal
PRINTSCREEN.0=system
PRINTSCREEN.1=system
PRINTSCREEN.2=system
PRINTSCREEN.8=system
PROPS.0=illegal
PROPS.1=illegal
PROPS.2=illegal
PROPS.8=illegal
Q.0=71
Q.1=51
Q.2=11
Q.8=71
QUOTE.0=27
QUOTE.1=22
QUOTE.2=untyped
QUOTE.8=27
QUOTEDBL.0=illegal
QUOTEDBL.1=illegal
QUOTEDBL.2=illegal
QUOTEDBL.8=illegal
R.0=72
R.1=52
R.2=12
R.8=72
RIGHT.0=untyped
RIGHT.1=untyped
RIGHT.2=untyped
RIGHT.8=untyped
RIGHT_PARENTHESIS.0=illegal
RIGHT_PARENTHESIS.1=illegal
RIGHT_PARENTHESIS.2=illegal
RIGHT_PARENTHESIS.8=illegal
S.0=73
S.1=53
S.2=13
S.8=73
SEMICOLON.0=3b
SEMICOLON.1=3a
SEMICOLON.2=untyped
SEMICOLON.8=3b
SEPARATER.0=untyped
SEPARATER.1=untyped
SEPARATER.2=untyped
SEPARATER.8=untyped
SEPARATOR.0=untyped
SEPARATOR.1=untyped
SEPARATOR.2=untyped
SEPARATOR.8=untyped
SLASH.0=2f
SLASH.1=3f
SLASH.2=untyped
SLASH.8=2f
SPACE.0=20
SPACE.1=20
SPACE.2=20
SPACE.8=untyped
STOP.0=illegal
STOP.1=illegal
STOP.2=illegal
STOP.8=illegal
SUBTRACT.0=2d
SUBTRACT.1=2d
SUBTRACT.2=untyped
SUBTRACT.8=system
T.0=74
T.1=54
T.2=14
T.8=system
TAB.0=9
TAB.1=9
TAB.2=system
TAB.8=system
U.0=75
U.1=55
U.2=15
U.8=75
UNDERSCORE.0=illegal
UNDERSCORE.1=illegal
UNDERSCORE.2=illegal
UNDERSCORE.8=illegal
UNDO.0=illegal
UNDO.1=illegal
UNDO.2=illegal
UNDO.8=illegal
UP.0=untyped
UP.1=untyped
UP.2=untyped
UP.8=untyped
V.0=76
V.1=56
V.2=16
V.8=76
W.0=77
W.1=57
W.2=17
W.8=77
X.0=78
X.1=58
X.2=18
X.8=78
Y.0=79
Y.1=59
Y.2=19
Y.8=79
Z.0=7a
Z.1=5a
Z.2=1a
Z.8=7a
