#Key mappings for locale=ja_JP os=Windows XP
#Tue Dec 14 12:41:57 JST 2004
0.0=30
0.1=system
0.2=untyped
0.8=30
1.0=31
1.1=system
1.2=untyped
1.8=31
2.0=32
2.1=system
2.2=untyped
2.8=32
3.0=33
3.1=system
3.2=untyped
3.8=33
4.0=34
4.1=system
4.2=untyped
4.8=34
5.0=35
5.1=system
5.2=untyped
5.8=35
6.0=36
6.1=system
6.2=untyped
6.8=36
7.0=37
7.1=system
7.2=untyped
7.8=37
8.0=38
8.1=system
8.2=untyped
8.8=38
9.0=39
9.1=system
9.2=untyped
9.8=39
A.0=61
A.1=system
A.2=system
A.8=61
ACCEPT.0=illegal
ACCEPT.1=illegal
ACCEPT.2=illegal
ACCEPT.8=illegal
ADD.0=2b
ADD.1=system
ADD.2=untyped
ADD.8=2b
AGAIN.0=illegal
AGAIN.1=illegal
AGAIN.2=illegal
AGAIN.8=illegal
AMPERSAND.0=illegal
AMPERSAND.1=illegal
AMPERSAND.2=illegal
AMPERSAND.8=illegal
ASTERISK.0=illegal
ASTERISK.1=illegal
ASTERISK.2=illegal
ASTERISK.8=illegal
AT.0=40
AT.1=system
AT.2=untyped
AT.8=40
B.0=62
B.1=system
B.2=2
B.8=62
BACK_QUOTE.0=illegal
BACK_QUOTE.1=illegal
BACK_QUOTE.2=illegal
BACK_QUOTE.8=illegal
BACK_SLASH.0=5c
BACK_SLASH.1=system
BACK_SLASH.2=1c
BACK_SLASH.8=5c
BACK_SPACE.0=8
BACK_SPACE.1=system
BACK_SPACE.2=system
BACK_SPACE.8=8
BEGIN.0=illegal
BEGIN.1=illegal
BEGIN.2=illegal
BEGIN.8=illegal
BRACELEFT.0=illegal
BRACELEFT.1=illegal
BRACELEFT.2=illegal
BRACELEFT.8=illegal
BRACERIGHT.0=illegal
BRACERIGHT.1=illegal
BRACERIGHT.2=illegal
BRACERIGHT.8=illegal
C.0=63
C.1=system
C.2=3
C.8=63
CANCEL.0=3
CANCEL.1=system
CANCEL.2=3
CANCEL.8=3
CIRCUMFLEX.0=5e
CIRCUMFLEX.1=system
CIRCUMFLEX.2=untyped
CIRCUMFLEX.8=5e
CLEAR.0=untyped
CLEAR.1=system
CLEAR.2=untyped
CLEAR.8=untyped
CLOSE_BRACKET.0=5d
CLOSE_BRACKET.1=system
CLOSE_BRACKET.2=1d
CLOSE_BRACKET.8=5d
COLON.0=3a
COLON.1=system
COLON.2=untyped
COLON.8=3a
COMMA.0=2c
COMMA.1=system
COMMA.2=untyped
COMMA.8=2c
COMPOSE.0=illegal
COMPOSE.1=illegal
COMPOSE.2=illegal
COMPOSE.8=illegal
CONTEXT_MENU.0=untyped
CONTEXT_MENU.1=system
CONTEXT_MENU.2=untyped
CONTEXT_MENU.8=untyped
CONVERT.0=system
CONVERT.1=untyped
CONVERT.2=system
CONVERT.8=untyped
COPY.0=illegal
COPY.1=illegal
COPY.2=illegal
COPY.8=illegal
CUT.0=illegal
CUT.1=illegal
CUT.2=illegal
CUT.8=illegal
D.0=system
D.1=system
D.2=system
D.8=64
DECIMAL.0=system
DECIMAL.1=system
DECIMAL.2=untyped
DECIMAL.8=2e
DELETE.0=system
DELETE.1=system
DELETE.2=7f
DELETE.8=7f
DIVIDE.0=system
DIVIDE.1=system
DIVIDE.2=untyped
DIVIDE.8=2f
DOLLAR.0=illegal
DOLLAR.1=illegal
DOLLAR.2=illegal
DOLLAR.8=illegal
DOWN.0=system
DOWN.1=system
DOWN.2=system
DOWN.8=untyped
E.0=system
E.1=system
E.2=system
E.8=65
END.0=system
END.1=system
END.2=untyped
END.8=untyped
ENTER.0=system
ENTER.1=system
ENTER.2=system
ENTER.8=a
EQUALS.0=illegal
EQUALS.1=illegal
EQUALS.2=illegal
EQUALS.8=illegal
ESCAPE.0=1b
ESCAPE.1=system
ESCAPE.2=system
ESCAPE.8=system
EURO_SIGN.0=illegal
EURO_SIGN.1=illegal
EURO_SIGN.2=illegal
EURO_SIGN.8=illegal
EXCLAMATION_MARK.0=illegal
EXCLAMATION_MARK.1=illegal
EXCLAMATION_MARK.2=illegal
EXCLAMATION_MARK.8=illegal
F.0=system
F.1=system
F.2=6
F.8=66
FINAL.0=illegal
FINAL.1=illegal
FINAL.2=illegal
FINAL.8=illegal
FIND.0=illegal
FIND.1=illegal
FIND.2=illegal
FIND.8=illegal
G.0=system
G.1=system
G.2=7
G.8=67
GREATER.0=illegal
GREATER.1=illegal
GREATER.2=illegal
GREATER.8=illegal
H.0=system
H.1=system
H.2=8
H.8=68
HELP.0=untyped
HELP.1=untyped
HELP.2=untyped
HELP.8=untyped
HOME.0=system
HOME.1=system
HOME.2=untyped
HOME.8=untyped
I.0=system
I.1=system
I.2=9
I.8=69
INSERT.0=system
INSERT.1=system
INSERT.2=untyped
INSERT.8=untyped
INVERTED_EXCLAMATION_MARK.0=illegal
INVERTED_EXCLAMATION_MARK.1=illegal
INVERTED_EXCLAMATION_MARK.2=illegal
INVERTED_EXCLAMATION_MARK.8=illegal
J.0=system
J.1=system
J.2=a
J.8=6a
K.0=system
K.1=system
K.2=b
K.8=6b
KP_DOWN.0=illegal
KP_DOWN.1=illegal
KP_DOWN.2=illegal
KP_DOWN.8=illegal
KP_LEFT.0=illegal
KP_LEFT.1=illegal
KP_LEFT.2=illegal
KP_LEFT.8=illegal
KP_RIGHT.0=illegal
KP_RIGHT.1=illegal
KP_RIGHT.2=illegal
KP_RIGHT.8=illegal
KP_UP.0=illegal
KP_UP.1=illegal
KP_UP.2=illegal
KP_UP.8=illegal
L.0=system
L.1=system
L.2=c
L.8=6c
LEFT.0=system
LEFT.1=system
LEFT.2=untyped
LEFT.8=untyped
LEFT_PARENTHESIS.0=illegal
LEFT_PARENTHESIS.1=illegal
LEFT_PARENTHESIS.2=illegal
LEFT_PARENTHESIS.8=illegal
LESS.0=illegal
LESS.1=illegal
LESS.2=illegal
LESS.8=illegal
M.0=system
M.1=system
M.2=a
M.8=6d
MINUS.0=system
MINUS.1=system
MINUS.2=untyped
MINUS.8=2d
MODECHANGE.0=illegal
MODECHANGE.1=illegal
MODECHANGE.2=illegal
MODECHANGE.8=illegal
MULTIPLY.0=system
MULTIPLY.1=system
MULTIPLY.2=untyped
MULTIPLY.8=2a
N.0=system
N.1=system
N.2=e
N.8=6e
NONCONVERT.0=system
NONCONVERT.1=system
NONCONVERT.2=untyped
NONCONVERT.8=untyped
NUMBER_SIGN.0=illegal
NUMBER_SIGN.1=illegal
NUMBER_SIGN.2=illegal
NUMBER_SIGN.8=illegal
NUMPAD0.0=system
NUMPAD0.1=system
NUMPAD0.2=untyped
NUMPAD0.8=untyped
NUMPAD1.0=system
NUMPAD1.1=system
NUMPAD1.2=untyped
NUMPAD1.8=untyped
NUMPAD2.0=system
NUMPAD2.1=system
NUMPAD2.2=untyped
NUMPAD2.8=untyped
NUMPAD3.0=system
NUMPAD3.1=system
NUMPAD3.2=untyped
NUMPAD3.8=untyped
NUMPAD4.0=system
NUMPAD4.1=system
NUMPAD4.2=untyped
NUMPAD4.8=untyped
NUMPAD5.0=system
NUMPAD5.1=system
NUMPAD5.2=untyped
NUMPAD5.8=untyped
NUMPAD6.0=system
NUMPAD6.1=system
NUMPAD6.2=untyped
NUMPAD6.8=untyped
NUMPAD7.0=system
NUMPAD7.1=system
NUMPAD7.2=untyped
NUMPAD7.8=untyped
NUMPAD8.0=system
NUMPAD8.1=system
NUMPAD8.2=untyped
NUMPAD8.8=untyped
NUMPAD9.0=system
NUMPAD9.1=system
NUMPAD9.2=untyped
NUMPAD9.8=untyped
O.0=system
O.1=system
O.2=f
O.8=6f
OPEN_BRACKET.0=system
OPEN_BRACKET.1=system
OPEN_BRACKET.2=1b
OPEN_BRACKET.8=5b
P.0=system
P.1=system
P.2=10
P.8=70
PAGE_DOWN.0=system
PAGE_DOWN.1=system
PAGE_DOWN.2=untyped
PAGE_DOWN.8=untyped
PAGE_UP.0=system
PAGE_UP.1=system
PAGE_UP.2=untyped
PAGE_UP.8=untyped
PASTE.0=illegal
PASTE.1=illegal
PASTE.2=illegal
PASTE.8=illegal
PAUSE.0=untyped
PAUSE.1=untyped
PAUSE.2=untyped
PAUSE.8=untyped
PERIOD.0=system
PERIOD.1=system
PERIOD.2=untyped
PERIOD.8=2e
PLUS.0=illegal
PLUS.1=illegal
PLUS.2=illegal
PLUS.8=illegal
PRINTSCREEN.0=system
PRINTSCREEN.1=system
PRINTSCREEN.2=system
PRINTSCREEN.8=system
PROPS.0=illegal
PROPS.1=illegal
PROPS.2=illegal
PROPS.8=illegal
Q.0=system
Q.1=system
Q.2=11
Q.8=71
QUOTE.0=illegal
QUOTE.1=illegal
QUOTE.2=illegal
QUOTE.8=illegal
QUOTEDBL.0=illegal
QUOTEDBL.1=illegal
QUOTEDBL.2=illegal
QUOTEDBL.8=illegal
R.0=system
R.1=system
R.2=12
R.8=72
RIGHT.0=system
RIGHT.1=system
RIGHT.2=untyped
RIGHT.8=untyped
RIGHT_PARENTHESIS.0=illegal
RIGHT_PARENTHESIS.1=illegal
RIGHT_PARENTHESIS.2=illegal
RIGHT_PARENTHESIS.8=illegal
S.0=system
S.1=system
S.2=13
S.8=73
SEMICOLON.0=system
SEMICOLON.1=system
SEMICOLON.2=untyped
SEMICOLON.8=3b
SEPARATER.0=system
SEPARATER.1=system
SEPARATER.2=untyped
SEPARATER.8=untyped
SEPARATOR.0=system
SEPARATOR.1=system
SEPARATOR.2=untyped
SEPARATOR.8=untyped
SLASH.0=system
SLASH.1=system
SLASH.2=untyped
SLASH.8=2f
SPACE.0=system
SPACE.1=system
SPACE.2=20
SPACE.8=untyped
STOP.0=illegal
STOP.1=illegal
STOP.2=illegal
STOP.8=illegal
SUBTRACT.0=system
SUBTRACT.1=system
SUBTRACT.2=untyped
SUBTRACT.8=2d
T.0=system
T.1=system
T.2=14
T.8=74
TAB.0=system
TAB.1=system
TAB.2=system
TAB.8=system
U.0=system
U.1=system
U.2=15
U.8=75
UNDERSCORE.0=illegal
UNDERSCORE.1=illegal
UNDERSCORE.2=illegal
UNDERSCORE.8=illegal
UNDO.0=illegal
UNDO.1=illegal
UNDO.2=illegal
UNDO.8=illegal
UP.0=system
UP.1=system
UP.2=untyped
UP.8=untyped
V.0=system
V.1=system
V.2=16
V.8=76
W.0=system
W.1=system
W.2=17
W.8=77
WINDOWS.0=untyped
WINDOWS.1=untyped
WINDOWS.2=untyped
WINDOWS.8=untyped
X.0=system
X.1=system
X.2=18
X.8=78
Y.0=system
Y.1=system
Y.2=19
Y.8=79
Z.0=system
Z.1=system
Z.2=1a
Z.8=7a
