#Key mappings for locale=nl_BE (os=Windows 2003, 5.2)
#Tue Nov 13 17:52:31 CET 2007
#edited to remove NUMPAD 
QUOTEDBL.8=illegal
QUOTEDBL.1=b3
QUOTEDBL.2=illegal
QUOTEDBL.0=b2
LESS.8=3c
LESS.2=1c
LESS.0=3c
LESS.1=3e
LESS.A=5c
RIGHT.8=untyped
RIGHT.2=untyped
RIGHT.1=untyped
RIGHT.0=untyped
CIRCUMFLEX.8=illegal
CIRCUMFLEX.2=illegal
CIRCUMFLEX.1=a8
CIRCUMFLEX.0=5e
CIRCUMFLEX.a=5b
SEPARATER.2=untyped
SEPARATER.1=untyped
SEPARATER.8=untyped
SEPARATER.0=untyped
BRACERIGHT.8=illegal
BRACERIGHT.1=illegal
BRACERIGHT.0=illegal
BRACERIGHT.2=illegal
DOWN.2=untyped
DOWN.1=untyped
DOWN.8=untyped
DOWN.0=untyped
KP_RIGHT.8=illegal
KP_RIGHT.1=illegal
KP_RIGHT.0=illegal
KP_RIGHT.2=illegal
NUMPAD8.8=untyped
NUMPAD8.2=untyped
#NUMPAD8.1=38
#NUMPAD8.0=38
W.8=77
W.2=17
W.1=57
W.0=77
BACK_SLASH.0=b5
BACK_SLASH.2=illegal
BACK_SLASH.8=illegal
BACK_SLASH.1=a3
BACK_SLASH.A=60
S.8=73
S.2=13
S.1=53
S.0=73
NUMPAD4.2=untyped
NUMPAD4.8=untyped
#NUMPAD4.1=34
#NUMPAD4.0=34
RIGHT_PARENTHESIS.2=untyped
RIGHT_PARENTHESIS.8=29
RIGHT_PARENTHESIS.0=29
RIGHT_PARENTHESIS.1=b0
O.8=6f
O.1=4f
O.0=6f
O.2=f
O.10=f4
O.11=d4
O.20=f6
O.21=d6
O.30=f2
O.31=d2
O.40=f3
O.41=d3
O.50=f5
O.51=d5
COMPOSE.8=illegal
COMPOSE.2=illegal
COMPOSE.1=illegal
COMPOSE.0=illegal
#NUMPAD0.1=30
#NUMPAD0.0=30
NUMPAD0.2=untyped
NUMPAD0.8=untyped
PRINTSCREEN.8=system
PRINTSCREEN.2=system
PRINTSCREEN.1=system
PRINTSCREEN.0=system
K.2=b
K.1=4b
K.0=6b
K.8=6b
STOP.8=illegal
STOP.2=illegal
STOP.1=illegal
STOP.0=illegal
G.2=7
G.8=67
G.1=47
G.0=67
EQUALS.2=untyped
EQUALS.8=3d
EQUALS.1=2b
EQUALS.0=3d
EQUALS.a=7e
C.8=63
C.2=3
C.1=43
C.0=63
BRACELEFT.8=illegal
BRACELEFT.2=illegal
BRACELEFT.1=illegal
BRACELEFT.0=illegal
7.8=e8
7.2=untyped
7.1=37
7.0=e8
AT.2=illegal
AT.8=illegal
AT.1=illegal
AT.0=illegal
3.A=23
3.2=untyped
3.8=22
3.1=33
3.0=22
HOME.2=untyped
HOME.8=untyped
HOME.1=untyped
HOME.0=untyped
AGAIN.2=illegal
AGAIN.1=illegal
AGAIN.0=illegal
AGAIN.8=illegal
#ADD.8=2b
ADD.2=untyped
#ADD.1=2b
#ADD.0=2b
ENTER.8=a
ENTER.2=a
ENTER.1=a
ENTER.0=a
NONCONVERT.8=untyped
NONCONVERT.2=untyped
NONCONVERT.1=untyped
NONCONVERT.0=untyped
WINDOWS.1=untyped
WINDOWS.8=untyped
WINDOWS.2=untyped
WINDOWS.0=untyped
ASTERISK.2=illegal
ASTERISK.8=illegal
ASTERISK.1=illegal
ASTERISK.0=illegal
PAUSE.8=untyped
PAUSE.1=untyped
PAUSE.0=untyped
PAUSE.2=untyped
EXCLAMATION_MARK.8=illegal
EXCLAMATION_MARK.2=illegal
EXCLAMATION_MARK.1=illegal
EXCLAMATION_MARK.0=illegal
PLUS.8=illegal
PLUS.0=illegal
PLUS.2=illegal
PLUS.1=illegal
DOLLAR.2=1d
DOLLAR.8=24
DOLLAR.1=2a
DOLLAR.0=24
DOLLAR.A=5d
FIND.8=illegal
FIND.2=illegal
FIND.1=illegal
FIND.0=illegal
MINUS.2=1f
MINUS.1=5f
MINUS.0=2d
MINUS.8=2d
KP_DOWN.1=illegal
KP_DOWN.0=illegal
KP_DOWN.2=illegal
KP_DOWN.8=illegal
COPY.2=illegal
COPY.1=illegal
COPY.8=illegal
COPY.0=illegal
Z.1=5a
Z.8=7a
Z.2=1a
Z.0=7a
V.8=76
V.2=16
V.1=56
V.0=76
NUMPAD7.2=untyped
NUMPAD7.8=untyped
#NUMPAD7.1=37
#NUMPAD7.0=37
R.0=72
R.8=72
R.2=12
R.1=52
ESCAPE.8=system
ESCAPE.2=system
ESCAPE.1=1b
ESCAPE.0=1b
NUMPAD3.2=untyped
#NUMPAD3.1=33
NUMPAD3.8=untyped
#NUMPAD3.0=33
UNDERSCORE.8=illegal
UNDERSCORE.2=illegal
UNDERSCORE.1=illegal
UNDERSCORE.0=illegal
SPACE.8=untyped
SPACE.1=20
SPACE.0=20
SPACE.2=20
N.8=6e
N.2=e
N.1=4e
N.0=6e
J.8=6a
J.2=a
J.1=4a
J.0=6a
UP.8=untyped
UP.2=untyped
UP.0=untyped
UP.1=untyped
F.8=66
F.2=6
F.1=46
F.0=66
B.8=62
B.2=2
B.1=42
B.0=62
CLEAR.8=untyped
CLEAR.2=untyped
CLEAR.1=untyped
CLEAR.0=untyped
6.8=a7
6.2=untyped
6.1=36
6.0=a7
AMPERSAND.8=illegal
AMPERSAND.2=illegal
AMPERSAND.1=illegal
AMPERSAND.0=illegal
2.2=untyped
2.8=e9
2.1=32
2.0=e9
2.A=40
GREATER.8=illegal
GREATER.2=illegal
GREATER.1=illegal
GREATER.0=illegal
ACCEPT.8=illegal
ACCEPT.2=illegal
ACCEPT.1=illegal
ACCEPT.0=illegal
END.8=untyped
END.2=untyped
END.1=untyped
END.0=untyped
SEMICOLON.8=3b
SEMICOLON.1=2e
SEMICOLON.0=3b
SEMICOLON.2=untyped
PAGE_UP.8=untyped
PAGE_UP.2=untyped
PAGE_UP.1=untyped
PAGE_UP.0=untyped
PROPS.8=illegal
PROPS.2=illegal
PROPS.1=illegal
PROPS.0=illegal
PASTE.8=illegal
PASTE.2=illegal
PASTE.0=illegal
PASTE.1=illegal
BACK_QUOTE.2=illegal
BACK_QUOTE.8=illegal
BACK_QUOTE.1=illegal
#BACK_QUOTE.0=60
Y.8=79
Y.2=19
Y.1=59
Y.0=79
EURO_SIGN.2=illegal
EURO_SIGN.8=illegal
EURO_SIGN.1=illegal
EURO_SIGN.0=illegal
U.8=75
U.2=15
U.1=55
U.0=75
U.10=fb
U.11=db
U.20=fc
U.21=dc
U.31=d9
U.40=fa
U.41=da
NUMPAD6.8=untyped
NUMPAD6.2=untyped
#NUMPAD6.1=36
#NUMPAD6.0=36
CANCEL.2=3
CANCEL.8=3
CANCEL.1=3
CANCEL.0=3
Q.2=11
Q.8=71
Q.1=51
Q.0=71
NUMPAD2.8=untyped
NUMPAD2.2=untyped
#NUMPAD2.1=32
#NUMPAD2.0=32
M.8=6d
M.2=a
M.1=4d
M.0=6d
I.8=69
I.2=9
I.1=49
I.0=69
I.10=ee
I.11=ce
I.20=ef
I.21=cf
I.30=ec
I.31=cc
I.40=ed
I.41=cd
E.8=65
E.2=5
E.1=45
E.0=65
E.A=20ac
E.10=ea
E.11=ca
E.20=eb
E.21=cb
E.31=c8
E.41=c9
LEFT_PARENTHESIS.8=illegal
LEFT_PARENTHESIS.2=illegal
LEFT_PARENTHESIS.1=illegal
LEFT_PARENTHESIS.0=illegal
COMMA.2=untyped
COMMA.8=2c
COMMA.1=3f
COMMA.0=2c
A.8=61
A.2=1
A.1=41
A.0=61
A.10=e2
A.11=c2
A.20=e4
A.21=c4
A.31=c0
A.40=e1
A.41=c1
A.50=e3
A.51=c3
SEPARATOR.8=untyped
SEPARATOR.2=untyped
SEPARATOR.1=untyped
SEPARATOR.0=untyped
KP_LEFT.8=illegal
KP_LEFT.2=illegal
KP_LEFT.1=illegal
KP_LEFT.0=illegal
9.8=e7
9.2=untyped
9.1=39
9.0=e7
9.A=7b
#DIVIDE.8=2f
DIVIDE.2=untyped
#DIVIDE.1=2f
#DIVIDE.0=2f
5.8=28
5.2=untyped
5.1=35
5.0=28
CONTEXT_MENU.8=untyped
CONTEXT_MENU.1=untyped
CONTEXT_MENU.2=untyped
CONTEXT_MENU.0=untyped
1.2=untyped
1.8=26
1.1=31
1.0=26
1.A=7c
KP_UP.8=illegal
KP_UP.0=illegal
KP_UP.2=illegal
KP_UP.1=illegal
LEFT.8=untyped
LEFT.2=untyped
LEFT.1=untyped
LEFT.0=untyped
SLASH.8=illegal
SLASH.2=illegal
SLASH.1=illegal
SLASH.0=illegal
BACK_SPACE.8=8
BACK_SPACE.1=8
BACK_SPACE.0=8
BACK_SPACE.2=7f
INVERTED_EXCLAMATION_MARK.8=illegal
INVERTED_EXCLAMATION_MARK.2=illegal
INVERTED_EXCLAMATION_MARK.1=illegal
INVERTED_EXCLAMATION_MARK.0=illegal
CUT.1=illegal
CUT.0=illegal
CUT.8=illegal
CUT.2=illegal
UNDO.2=illegal
UNDO.8=illegal
UNDO.1=illegal
UNDO.0=illegal
COLON.2=untyped
COLON.1=2f
COLON.0=3a
COLON.8=3a
CLOSE_BRACKET.8=illegal
CLOSE_BRACKET.2=illegal
CLOSE_BRACKET.1=illegal
CLOSE_BRACKET.0=illegal
MODECHANGE.8=illegal
MODECHANGE.2=illegal
MODECHANGE.1=illegal
MODECHANGE.0=illegal
FINAL.8=illegal
FINAL.1=illegal
FINAL.0=illegal
FINAL.2=illegal
X.8=78
X.2=18
X.1=58
X.0=78
NUMPAD9.8=untyped
NUMPAD9.2=untyped
#NUMPAD9.1=39
#NUMPAD9.0=39
T.8=74
T.2=14
T.1=54
T.0=74
NUMPAD5.2=untyped
#NUMPAD5.1=35
#NUMPAD5.0=35
NUMPAD5.8=untyped
DECIMAL.2=untyped
#DECIMAL.8=2e
#DECIMAL.0=2e
#DECIMAL.1=2e
P.8=70
P.2=10
P.0=70
P.1=50
SUBTRACT.1=2d
SUBTRACT.8=2d
SUBTRACT.2=untyped
SUBTRACT.0=2d
NUMPAD1.8=untyped
NUMPAD1.2=untyped
#NUMPAD1.0=31
#NUMPAD1.1=31
L.8=6c
L.2=c
L.1=4c
L.0=6c
PAGE_DOWN.8=untyped
PAGE_DOWN.2=untyped
PAGE_DOWN.1=untyped
PAGE_DOWN.0=untyped
OPEN_BRACKET.8=illegal
OPEN_BRACKET.2=illegal
OPEN_BRACKET.0=illegal
OPEN_BRACKET.1=illegal
H.8=68
H.2=8
H.1=48
H.0=68
#MULTIPLY.8=2a
#MULTIPLY.2=untyped
#MULTIPLY.1=2a
#MULTIPLY.0=2a
CONVERT.2=untyped
CONVERT.8=untyped
CONVERT.0=untyped
CONVERT.1=untyped
D.2=4
D.1=44
D.8=64
D.0=64
QUOTE.0=f9
QUOTE.8=illegal
QUOTE.2=illegal
QUOTE.1=25
QUOTE.A=b4
INSERT.2=untyped
INSERT.8=untyped
INSERT.1=untyped
INSERT.0=untyped
NUMBER_SIGN.8=illegal
NUMBER_SIGN.2=illegal
NUMBER_SIGN.1=illegal
NUMBER_SIGN.0=illegal
8.8=21
8.2=untyped
8.1=38
8.0=21
TAB.8=system
TAB.2=system
TAB.1=9
TAB.0=9
4.8=27
4.2=untyped
4.1=34
4.0=27
DELETE.2=7f
DELETE.8=7f
DELETE.0=7f
DELETE.1=7f
HELP.8=untyped
HELP.2=untyped
HELP.1=untyped
HELP.0=untyped
0.8=e0
0.2=untyped
0.1=30
0.0=e0
0.A=7d
BEGIN.8=illegal
BEGIN.2=illegal
BEGIN.1=illegal
BEGIN.0=illegal
PERIOD.8=illegal
PERIOD.2=illegal
PERIOD.1=illegal
PERIOD.0=illegal