#Key mappings for locale=sv_SE (os=Windows XP, 5.1)
#Tue Apr 29 09:37:37 CEST 2008

CIRCUMFLEX.0=illegal
CIRCUMFLEX.1=illegal
CIRCUMFLEX.2=illegal
CIRCUMFLEX.8=illegal
QUOTEDBL.0=illegal
QUOTEDBL.1=illegal
QUOTEDBL.2=illegal
QUOTEDBL.8=illegal
LESS.0=3c
LESS.1=3e
LESS.2=1c
LESS.8=3c
LESS.A=7c
RIGHT.0=untyped
RIGHT.1=untyped
RIGHT.2=untyped
RIGHT.8=untyped
SEPARATER.0=untyped
SEPARATER.1=untyped
SEPARATER.2=untyped
SEPARATER.8=untyped
BRACERIGHT.0=illegal
BRACERIGHT.1=illegal
BRACERIGHT.2=illegal
BRACERIGHT.8=illegal
DOWN.0=untyped
DOWN.1=untyped
DOWN.2=untyped
DOWN.8=untyped
KP_RIGHT.0=illegal
KP_RIGHT.1=illegal
KP_RIGHT.2=illegal
KP_RIGHT.8=illegal
W.0=77
W.1=57
W.2=17
W.8=system
#NUMPAD8.0=38
#NUMPAD8.1=38
NUMPAD8.2=untyped
NUMPAD8.8=untyped
BACK_SLASH.0=illegal
BACK_SLASH.1=illegal
BACK_SLASH.2=illegal
BACK_SLASH.8=illegal
S.0=73
S.1=53
S.2=13
S.8=73
RIGHT_PARENTHESIS.0=illegal
RIGHT_PARENTHESIS.1=illegal
RIGHT_PARENTHESIS.2=illegal
RIGHT_PARENTHESIS.8=illegal
#NUMPAD4.0=34
#NUMPAD4.1=34
NUMPAD4.2=untyped
NUMPAD4.8=untyped
COMPOSE.0=illegal
COMPOSE.1=illegal
COMPOSE.2=illegal
COMPOSE.8=illegal
O.0=6f
O.1=4f
O.2=f
O.8=6f
O.10=f4
O.11=d4
O.30=f2
O.31=d2
O.40=f3
O.41=d3
O.50=f5
O.51=d5
#NUMPAD0.0=30
#NUMPAD0.1=30
NUMPAD0.2=untyped
NUMPAD0.8=untyped
PRINTSCREEN.2=system
PRINTSCREEN.1=system
PRINTSCREEN.0=system
PRINTSCREEN.8=system
K.2=b
K.1=4b
K.0=6b
K.8=6b
STOP.1=illegal
STOP.0=illegal
STOP.2=illegal
STOP.8=illegal
EQUALS.2=illegal
EQUALS.1=60
EQUALS.0=b4
EQUALS.8=illegal
G.0=67
G.1=47
G.2=7
G.8=67
C.8=63
C.2=3
C.1=43
C.0=63
BRACELEFT.8=illegal
BRACELEFT.2=illegal
BRACELEFT.1=illegal
BRACELEFT.0=illegal
7.8=37
7.2=untyped
7.1=2f
7.0=37
7.A=7b
AT.2=illegal
AT.8=illegal
AT.1=illegal
AT.0=illegal
3.2=untyped
3.1=23
3.0=33
3.8=33
3.A=a3
HOME.8=untyped
HOME.2=untyped
HOME.1=untyped
HOME.0=untyped
AGAIN.2=illegal
AGAIN.1=illegal
AGAIN.0=illegal
AGAIN.8=illegal
#ADD.8=2b
ADD.2=untyped
#ADD.1=2b
#ADD.0=2b
ENTER.8=a
ENTER.2=a
ENTER.1=a
ENTER.0=a
NONCONVERT.2=untyped
NONCONVERT.1=untyped
NONCONVERT.0=untyped
NONCONVERT.8=untyped
ASTERISK.8=illegal
ASTERISK.1=illegal
ASTERISK.2=illegal
ASTERISK.0=illegal
WINDOWS.2=untyped
WINDOWS.1=untyped
WINDOWS.8=system
WINDOWS.0=untyped
PAUSE.8=untyped
PAUSE.2=untyped
PAUSE.1=untyped
PAUSE.0=untyped
EXCLAMATION_MARK.2=illegal
EXCLAMATION_MARK.1=illegal
EXCLAMATION_MARK.0=illegal
EXCLAMATION_MARK.8=illegal
PLUS.8=2b
PLUS.2=untyped
PLUS.1=3f
PLUS.0=2b
PLUS.A=5c
DOLLAR.2=illegal
DOLLAR.8=illegal
DOLLAR.1=illegal
DOLLAR.0=illegal
FIND.2=illegal
FIND.1=illegal
FIND.0=illegal
FIND.8=illegal
MINUS.2=1f
MINUS.1=5f
MINUS.0=2d
MINUS.8=2d
COPY.8=illegal
COPY.2=illegal
COPY.1=illegal
COPY.0=illegal
Z.1=5a
Z.0=7a
Z.8=7a
Z.2=1a
KP_DOWN.8=illegal
KP_DOWN.2=illegal
KP_DOWN.1=illegal
KP_DOWN.0=illegal
V.2=16
V.1=56
V.0=76
V.8=system
NUMPAD7.8=untyped
#NUMPAD7.1=37
#NUMPAD7.0=37
NUMPAD7.2=untyped
R.2=12
R.1=52
R.8=72
R.0=72
NUMPAD3.8=untyped
NUMPAD3.2=untyped
#NUMPAD3.1=33
#NUMPAD3.0=33
UNDERSCORE.2=illegal
UNDERSCORE.1=illegal
UNDERSCORE.8=illegal
UNDERSCORE.0=illegal
ESCAPE.2=system
ESCAPE.8=system
ESCAPE.1=1b
ESCAPE.0=1b
N.1=4e
N.0=6e
N.8=6e
N.2=e
SPACE.2=20
SPACE.1=20
SPACE.0=20
SPACE.8=untyped
J.2=a
J.1=4a
J.8=6a
J.0=6a
UP.0=untyped
UP.8=system
UP.1=untyped
UP.2=untyped
F.8=66
F.2=6
F.1=46
F.0=66
B.8=62
B.2=2
B.1=42
B.0=62
CLEAR.8=untyped
CLEAR.2=untyped
CLEAR.1=untyped
CLEAR.0=untyped
6.2=untyped
6.1=26
6.0=36
6.8=36
AMPERSAND.2=illegal
AMPERSAND.1=illegal
AMPERSAND.0=illegal
AMPERSAND.8=illegal
2.2=untyped
2.1=22
2.0=32
2.8=32
2.A=40
GREATER.8=illegal
GREATER.2=illegal
GREATER.1=illegal
GREATER.0=illegal
ACCEPT.8=illegal
ACCEPT.2=illegal
ACCEPT.1=illegal
ACCEPT.0=illegal
SEMICOLON.1=d6
SEMICOLON.2=illegal
SEMICOLON.8=illegal
SEMICOLON.0=f6
END.2=untyped
END.8=untyped
END.1=untyped
END.0=untyped
PAGE_UP.8=untyped
PAGE_UP.2=untyped
PAGE_UP.1=untyped
PAGE_UP.0=untyped
PROPS.8=illegal
PROPS.2=illegal
PROPS.1=illegal
PROPS.0=illegal
PASTE.2=illegal
PASTE.8=illegal
PASTE.0=illegal
PASTE.1=illegal
BACK_QUOTE.2=illegal
BACK_QUOTE.8=illegal
BACK_QUOTE.1=bd
BACK_QUOTE.0=a7
Y.2=19
Y.1=59
Y.8=79
Y.0=79
EURO_SIGN.0=illegal
EURO_SIGN.8=illegal
EURO_SIGN.1=illegal
EURO_SIGN.2=illegal
U.2=15
U.1=55
U.0=75
U.8=system
U.10=fb
U.11=db
U.20=fc
U.21=dc
U.30=f9
U.31=d9
U.40=fa
U.41=da
NUMPAD6.2=untyped
NUMPAD6.8=untyped
NUMPAD6.0=36
NUMPAD6.1=36
CANCEL.2=3
CANCEL.8=3
CANCEL.1=3
CANCEL.0=3
Q.2=11
Q.1=51
Q.0=71
Q.8=71
NUMPAD2.2=untyped
NUMPAD2.1=32
NUMPAD2.8=untyped
NUMPAD2.0=32
M.2=a
M.1=4d
M.0=6d
M.8=6d
M.A=b5
I.8=69
I.2=9
I.1=49
I.0=69
I.10=ee
I.11=ce
I.20=ef
I.21=cf
I.30=ec
I.31=cc
I.40=ed
I.41=cd
E.8=65
E.2=5
E.1=45
E.0=65
E.A=20ac
E.10=ea
E.11=ca
E.20=eb
E.21=cb
E.30=e8
E.31=c8
E.40=e9
E.41=c9
LEFT_PARENTHESIS.8=illegal
LEFT_PARENTHESIS.0=illegal
LEFT_PARENTHESIS.2=illegal
LEFT_PARENTHESIS.1=illegal
A.2=1
A.1=41
A.8=61
A.0=61
A.10=e2
A.11=c2
A.20=e4
A.21=c4
A.30=e0
A.31=c0
A.40=e1
A.41=c1
A.50=e3
A.51=c3
COMMA.2=untyped
COMMA.8=2c
COMMA.1=3b
COMMA.0=2c
SEPARATOR.2=untyped
SEPARATOR.1=untyped
SEPARATOR.0=untyped
SEPARATOR.8=untyped
KP_LEFT.2=illegal
KP_LEFT.1=illegal
KP_LEFT.0=illegal
KP_LEFT.8=illegal
9.8=39
9.2=untyped
9.1=29
9.0=39
9.A=5d
DIVIDE.2=untyped
#DIVIDE.1=2f
#DIVIDE.0=2f
#DIVIDE.8=2f
5.2=untyped
5.1=25
5.0=35
5.8=35
5.A=20ac
1.2=untyped
1.8=31
1.1=21
1.0=31
CONTEXT_MENU.2=untyped
CONTEXT_MENU.1=untyped
CONTEXT_MENU.0=untyped
CONTEXT_MENU.8=untyped
KP_UP.8=illegal
KP_UP.2=illegal
KP_UP.1=illegal
KP_UP.0=illegal
LEFT.2=untyped
LEFT.8=untyped
LEFT.1=untyped
LEFT.0=untyped
SLASH.2=illegal
SLASH.1=illegal
SLASH.0=illegal
SLASH.8=illegal
INVERTED_EXCLAMATION_MARK.2=illegal
INVERTED_EXCLAMATION_MARK.8=illegal
INVERTED_EXCLAMATION_MARK.1=illegal
INVERTED_EXCLAMATION_MARK.0=illegal
CUT.2=illegal
CUT.8=illegal
CUT.0=illegal
CUT.1=illegal
BACK_SPACE.1=8
BACK_SPACE.8=8
BACK_SPACE.2=7f
BACK_SPACE.0=8
CLOSE_BRACKET.8=illegal
CLOSE_BRACKET.0=a8
CLOSE_BRACKET.2=illegal
CLOSE_BRACKET.1=5e
CLOSE_BRACKET.A=7e
COLON.8=illegal
COLON.2=illegal
COLON.1=illegal
COLON.0=illegal
UNDO.2=illegal
UNDO.1=illegal
UNDO.0=illegal
UNDO.8=illegal
MODECHANGE.8=illegal
MODECHANGE.2=illegal
MODECHANGE.1=illegal
MODECHANGE.0=illegal
FINAL.8=illegal
FINAL.0=illegal
FINAL.2=illegal
FINAL.1=illegal
X.8=system
X.2=18
X.1=58
X.0=78
NUMPAD9.2=untyped
NUMPAD9.8=untyped
#NUMPAD9.1=39
#NUMPAD9.0=39
T.2=14
T.1=54
T.0=74
T.8=system
NUMPAD5.2=untyped
#NUMPAD5.1=35
#NUMPAD5.0=35
NUMPAD5.8=untyped
DECIMAL.2=untyped
DECIMAL.8=2c
DECIMAL.1=2c
DECIMAL.0=2c
P.1=50
P.8=70
P.2=10
P.0=70
SUBTRACT.2=untyped
SUBTRACT.8=system
SUBTRACT.0=2d
SUBTRACT.1=2d
NUMPAD1.1=31
NUMPAD1.8=untyped
NUMPAD1.2=untyped
NUMPAD1.0=31
PAGE_DOWN.2=untyped
PAGE_DOWN.1=untyped
PAGE_DOWN.8=untyped
PAGE_DOWN.0=untyped
L.2=c
L.1=4c
L.8=6c
L.0=6c
OPEN_BRACKET.2=illegal
OPEN_BRACKET.8=illegal
OPEN_BRACKET.1=c5
OPEN_BRACKET.0=e5
H.2=8
H.1=48
H.0=68
H.8=68
MULTIPLY.2=untyped
#MULTIPLY.1=2a
#MULTIPLY.0=2a
#MULTIPLY.8=2a
D.2=4
D.8=64
D.1=44
D.0=64
CONVERT.1=untyped
CONVERT.8=untyped
CONVERT.2=untyped
CONVERT.0=untyped
QUOTE.2=untyped
QUOTE.1=2a
QUOTE.8=27
QUOTE.0=27
INSERT.2=untyped
INSERT.1=untyped
INSERT.0=untyped
INSERT.8=untyped
NUMBER_SIGN.8=illegal
NUMBER_SIGN.2=illegal
NUMBER_SIGN.1=illegal
NUMBER_SIGN.0=illegal
8.8=38
8.2=untyped
8.1=28
8.0=38
8.A=5b
TAB.2=system
TAB.1=9
TAB.0=9
TAB.8=system
4.2=untyped
4.1=a4
4.8=34
4.0=34
4.A=24
DELETE.2=7f
DELETE.1=7f
DELETE.8=7f
DELETE.0=7f
HELP.8=untyped
HELP.2=untyped
HELP.1=untyped
HELP.0=untyped
0.2=untyped
0.1=3d
0.0=30
0.8=30
0.A=7d
BEGIN.8=illegal
BEGIN.2=illegal
BEGIN.1=illegal
BEGIN.0=illegal
PERIOD.8=2e
PERIOD.2=untyped
PERIOD.1=3a
PERIOD.0=2e
