#Key mappings for locale=es_ES
#Fri Apr 27 13:03:44 CEST 2007
QUOTEDBL.8=illegal
LESS.8=3c
QUOTEDBL.2=illegal
LESS.2=1c
QUOTEDBL.1=illegal
LESS.1=3e
QUOTEDBL.0=illegal
LESS.0=3c
CIRCUMFLEX.8=illegal
RIGHT.8=untyped
CIRCUMFLEX.2=illegal
RIGHT.2=untyped
CIRCUMFLEX.1=illegal
RIGHT.1=untyped
CIRCUMFLEX.0=illegal
RIGHT.0=untyped
SEPARATER.8=untyped
BRACERIGHT.8=illegal
SEPARATER.2=untyped
SEPARATER.1=untyped
BRACERIGHT.2=illegal
SEPARATER.0=untyped
DOWN.8=untyped
BRACERIGHT.1=illegal
BRACERIGHT.0=illegal
KP_RIGHT.8=illegal
W.8=77
DOWN.2=untyped
DOWN.1=untyped
NUMPAD8.8=untyped
DOWN.0=untyped
KP_RIGHT.2=illegal
BACK_SLASH.8=illegal
KP_RIGHT.1=illegal
KP_RIGHT.0=illegal
W.2=17
W.1=57
W.0=77
NUMPAD8.2=untyped
S.8=73
NUMPAD8.1=untyped
BACK_SLASH.2=illegal
NUMPAD8.0=38
BACK_SLASH.1=illegal
NUMPAD4.8=untyped
BACK_SLASH.0=illegal
S.2=13
S.1=53
S.0=73
NUMPAD4.2=untyped
RIGHT_PARENTHESIS.8=illegal
O.8=6f
NUMPAD4.1=untyped
COMPOSE.8=illegal
NUMPAD4.0=34
NUMPAD0.8=untyped
RIGHT_PARENTHESIS.2=illegal
O.2=f
COMPOSE.2=illegal
RIGHT_PARENTHESIS.1=illegal
PRINTSCREEN.8=system
O.1=4f
COMPOSE.1=illegal
RIGHT_PARENTHESIS.0=illegal
O.0=6f
NUMPAD0.2=untyped
COMPOSE.0=illegal
NUMPAD0.1=untyped
K.8=6b
NUMPAD0.0=30
STOP.8=illegal
PRINTSCREEN.2=system
PRINTSCREEN.1=system
PRINTSCREEN.0=system
K.2=b
K.1=4b
K.0=6b
STOP.2=illegal
G.8=67
EQUALS.8=illegal
STOP.1=illegal
STOP.0=illegal
G.2=7
EQUALS.2=illegal
G.1=47
EQUALS.1=illegal
EQUALS.0=illegal
G.0=67
C.8=63
C.2=3
C.1=43
C.0=63
BRACELEFT.8=illegal
BRACELEFT.2=illegal
BRACELEFT.1=illegal
BRACELEFT.0=illegal
7.8=37
AT.8=illegal
7.2=untyped
7.1=2f
7.0=37
AT.2=illegal
3.8=33
AT.1=illegal
AT.0=illegal
HOME.8=untyped
3.2=untyped
3.1=b7
3.0=33
AGAIN.8=illegal
HOME.2=untyped
HOME.1=untyped
HOME.0=untyped
AGAIN.2=illegal
AGAIN.1=illegal
AGAIN.0=illegal
ADD.8=2b
ADD.2=untyped
ADD.1=2b
ADD.0=2b
ENTER.8=a
NONCONVERT.8=untyped
ENTER.2=a
ENTER.1=a
ENTER.0=a
NONCONVERT.2=untyped
NONCONVERT.1=untyped
NONCONVERT.0=untyped
ASTERISK.8=illegal
WINDOWS.8=untyped
ASTERISK.2=illegal
WINDOWS.2=untyped
ASTERISK.1=illegal
WINDOWS.1=untyped
PAUSE.8=untyped
ASTERISK.0=illegal
WINDOWS.0=untyped
PAUSE.2=untyped
EXCLAMATION_MARK.8=illegal
PAUSE.1=untyped
PAUSE.0=untyped
EXCLAMATION_MARK.2=illegal
EXCLAMATION_MARK.1=illegal
EXCLAMATION_MARK.0=illegal
PLUS.8=2b
DOLLAR.8=illegal
FIND.8=illegal
PLUS.2=1d
PLUS.1=2a
DOLLAR.2=illegal
PLUS.0=2b
DOLLAR.1=illegal
MINUS.8=2d
DOLLAR.0=illegal
FIND.2=illegal
FIND.1=illegal
FIND.0=illegal
MINUS.2=untyped
MINUS.1=5f
MINUS.0=2d
COPY.8=illegal
Z.8=7a
KP_DOWN.8=illegal
COPY.2=illegal
COPY.1=illegal
Z.2=1a
COPY.0=illegal
Z.1=5a
Z.0=7a
KP_DOWN.2=illegal
V.8=76
KP_DOWN.1=illegal
KP_DOWN.0=illegal
NUMPAD7.8=untyped
V.2=16
V.1=56
V.0=76
NUMPAD7.2=untyped
R.8=72
NUMPAD7.1=untyped
NUMPAD7.0=37
NUMPAD3.8=untyped
UNDERSCORE.8=illegal
R.2=12
R.1=52
ESCAPE.8=system
R.0=72
NUMPAD3.2=untyped
NUMPAD3.1=untyped
N.8=6e
NUMPAD3.0=33
UNDERSCORE.2=illegal
UNDERSCORE.1=illegal
SPACE.8=untyped
ESCAPE.2=system
UNDERSCORE.0=illegal
ESCAPE.1=1b
N.2=e
ESCAPE.0=1b
N.1=4e
N.0=6e
J.8=6a
SPACE.2=20
UP.8=untyped
SPACE.1=20
SPACE.0=20
J.2=a
J.1=4a
UP.2=untyped
J.0=6a
UP.1=untyped
F.8=66
UP.0=untyped
F.2=6
F.1=46
F.0=66
B.8=62
B.2=2
B.1=42
B.0=62
CLEAR.8=untyped
CLEAR.2=untyped
6.8=36
CLEAR.1=untyped
CLEAR.0=untyped
AMPERSAND.8=illegal
6.2=untyped
6.1=26
6.0=36
2.8=32
AMPERSAND.2=illegal
AMPERSAND.1=illegal
AMPERSAND.0=illegal
2.2=untyped
2.1=22
2.0=32
GREATER.8=illegal
GREATER.2=illegal
GREATER.1=illegal
GREATER.0=illegal
ACCEPT.8=illegal
ACCEPT.2=illegal
ACCEPT.1=illegal
ACCEPT.0=illegal
END.8=untyped
SEMICOLON.8=illegal
END.2=untyped
SEMICOLON.2=illegal
END.1=untyped
SEMICOLON.1=illegal
PAGE_UP.8=untyped
END.0=untyped
SEMICOLON.0=illegal
PAGE_UP.2=untyped
PAGE_UP.1=untyped
PAGE_UP.0=untyped
PROPS.8=illegal
PROPS.2=illegal
PROPS.1=illegal
PROPS.0=illegal
PASTE.8=illegal
BACK_QUOTE.8=illegal
PASTE.2=illegal
Y.8=79
PASTE.1=illegal
BACK_QUOTE.2=illegal
EURO_SIGN.8=illegal
PASTE.0=illegal
BACK_QUOTE.1=illegal
BACK_QUOTE.0=illegal
Y.2=19
EURO_SIGN.2=illegal
Y.1=59
EURO_SIGN.1=illegal
Y.0=79
EURO_SIGN.0=illegal
U.8=75
NUMPAD6.8=untyped
CANCEL.8=3
U.2=15
U.1=55
U.0=75
NUMPAD6.2=untyped
CANCEL.2=3
Q.8=71
NUMPAD6.1=untyped
CANCEL.1=3
NUMPAD6.0=36
CANCEL.0=3
NUMPAD2.8=untyped
Q.2=11
Q.1=51
Q.0=71
NUMPAD2.2=untyped
NUMPAD2.1=untyped
M.8=6d
NUMPAD2.0=32
M.2=a
M.1=4d
M.0=6d
I.8=69
I.2=9
I.1=49
I.0=69
E.8=65
E.2=5
E.1=45
LEFT_PARENTHESIS.8=illegal
E.0=65
A.8=61
COMMA.8=2c
LEFT_PARENTHESIS.2=illegal
SEPARATOR.8=untyped
LEFT_PARENTHESIS.1=illegal
A.2=1
A.1=41
LEFT_PARENTHESIS.0=illegal
COMMA.2=untyped
A.0=61
KP_LEFT.8=illegal
COMMA.1=3b
COMMA.0=2c
SEPARATOR.2=untyped
SEPARATOR.1=untyped
SEPARATOR.0=untyped
KP_LEFT.2=illegal
KP_LEFT.1=illegal
KP_LEFT.0=illegal
9.8=39
DIVIDE.8=2f
9.2=untyped
9.1=29
9.0=39
5.8=35
DIVIDE.2=untyped
DIVIDE.1=2f
DIVIDE.0=2f
5.2=untyped
5.1=25
5.0=35
CONTEXT_MENU.8=untyped
1.8=31
CONTEXT_MENU.2=untyped
1.2=untyped
CONTEXT_MENU.1=untyped
1.1=21
CONTEXT_MENU.0=untyped
1.0=31
KP_UP.8=illegal
LEFT.8=untyped
KP_UP.2=illegal
KP_UP.1=illegal
LEFT.2=untyped
SLASH.8=illegal
KP_UP.0=illegal
LEFT.1=untyped
LEFT.0=untyped
SLASH.2=illegal
SLASH.1=illegal
SLASH.0=illegal
CUT.8=illegal
BACK_SPACE.8=8
INVERTED_EXCLAMATION_MARK.8=a1
CUT.2=illegal
BACK_SPACE.2=7f
INVERTED_EXCLAMATION_MARK.2=untyped
CUT.1=illegal
BACK_SPACE.1=8
INVERTED_EXCLAMATION_MARK.1=bf
CUT.0=illegal
BACK_SPACE.0=8
INVERTED_EXCLAMATION_MARK.0=a1
COLON.8=illegal
CLOSE_BRACKET.8=illegal
UNDO.8=illegal
COLON.2=illegal
COLON.1=illegal
COLON.0=illegal
CLOSE_BRACKET.2=illegal
UNDO.2=illegal
CLOSE_BRACKET.1=illegal
UNDO.1=illegal
CLOSE_BRACKET.0=illegal
UNDO.0=illegal
MODECHANGE.8=illegal
MODECHANGE.2=illegal
MODECHANGE.1=illegal
MODECHANGE.0=illegal
FINAL.8=illegal
X.8=78
NUMPAD9.8=untyped
FINAL.2=illegal
X.2=18
FINAL.1=illegal
X.1=58
FINAL.0=illegal
X.0=78
NUMPAD9.2=untyped
T.8=system
NUMPAD9.1=untyped
NUMPAD9.0=39
NUMPAD5.8=untyped
T.2=14
T.1=54
T.0=74
NUMPAD5.2=untyped
DECIMAL.8=2e
P.8=70
NUMPAD5.1=untyped
NUMPAD5.0=35
SUBTRACT.8=system
NUMPAD1.8=untyped
DECIMAL.2=untyped
P.2=10
DECIMAL.1=2e
P.1=50
DECIMAL.0=2e
SUBTRACT.2=untyped
PAGE_DOWN.8=untyped
P.0=70
NUMPAD1.2=untyped
SUBTRACT.1=2d
NUMPAD1.1=untyped
L.8=6c
SUBTRACT.0=2d
NUMPAD1.0=31
OPEN_BRACKET.8=illegal
PAGE_DOWN.2=untyped
PAGE_DOWN.1=untyped
L.2=c
PAGE_DOWN.0=untyped
L.1=4c
OPEN_BRACKET.2=illegal
L.0=6c
OPEN_BRACKET.1=illegal
H.8=68
OPEN_BRACKET.0=illegal
MULTIPLY.8=2a
H.2=8
H.1=48
H.0=68
CONVERT.8=untyped
D.8=64
MULTIPLY.2=untyped
MULTIPLY.1=2a
MULTIPLY.0=2a
CONVERT.2=untyped
D.2=4
CONVERT.1=untyped
D.1=44
QUOTE.8=27
CONVERT.0=untyped
D.0=64
INSERT.8=untyped
QUOTE.2=untyped
QUOTE.1=3f
INSERT.2=untyped
QUOTE.0=27
INSERT.1=untyped
INSERT.0=untyped
NUMBER_SIGN.8=illegal
NUMBER_SIGN.2=illegal
NUMBER_SIGN.1=illegal
NUMBER_SIGN.0=illegal
8.8=38
TAB.8=system
8.2=untyped
8.1=28
8.0=38
4.8=34
TAB.2=system
DELETE.8=7f
TAB.1=9
TAB.0=9
HELP.8=untyped
4.2=untyped
4.1=24
DELETE.2=7f
4.0=34
DELETE.1=7f
0.8=30
DELETE.0=7f
HELP.2=untyped
HELP.1=untyped
HELP.0=untyped
0.2=untyped
0.1=3d
0.0=30
BEGIN.8=illegal
BEGIN.2=illegal
BEGIN.1=illegal
BEGIN.0=illegal
PERIOD.8=2e
PERIOD.2=untyped
PERIOD.1=3a
PERIOD.0=2e
