#Key mappings for locale=ja_JP os=Mac OS X
#Wed Dec 15 19:24:07 JST 2004
0.0=30
0.1=30
0.20=30
0.2=system
0.4=30
0.8=ba
1.0=31
1.1=21
1.20=31
1.2=system
1.4=31
1.8=a1
2.0=32
2.1=22
2.20=32
2.2=system
2.4=32
2.8=2122
3.0=33
3.1=23
3.20=33
3.2=system
3.4=33
3.8=a3
4.0=34
4.1=24
4.20=34
4.2=system
4.4=34
4.8=a2
5.0=35
5.1=25
5.20=35
5.2=system
5.4=35
5.8=221e
6.0=36
6.1=26
6.20=36
6.2=system
6.4=36
6.8=a7
7.0=37
7.1=27
7.20=37
7.2=system
7.4=37
7.8=b6
8.0=38
8.1=28
8.20=38
8.2=system
8.4=38
8.8=2022
9.0=39
9.1=29
9.20=39
9.2=system
9.4=39
9.8=aa
A.0=61
A.1=41
A.20=61
A.2=system
A.4=61
A.8=e5
ACCEPT.0=system
ACCEPT.1=system
ACCEPT.20=system
ACCEPT.2=system
ACCEPT.4=system
ACCEPT.8=system
ADD.0=2b
ADD.1=2b
ADD.20=2b
ADD.2=system
ADD.4=2b
ADD.8=2b
AGAIN.0=system
AGAIN.1=system
AGAIN.20=system
AGAIN.2=system
AGAIN.4=system
AGAIN.8=system
AMPERSAND.0=system
AMPERSAND.1=system
AMPERSAND.20=system
AMPERSAND.2=system
AMPERSAND.4=system
AMPERSAND.8=system
ASTERISK.0=system
ASTERISK.1=system
ASTERISK.20=system
ASTERISK.2=system
ASTERISK.4=system
ASTERISK.8=system
AT.0=system
AT.1=system
AT.20=system
AT.2=system
AT.4=system
AT.8=system
B.0=62
B.1=42
B.20=62
B.2=system
B.4=62
B.8=222b
BACK_QUOTE.0=60
BACK_QUOTE.1=7e
BACK_QUOTE.20=60
BACK_QUOTE.2=system
BACK_QUOTE.4=60
BACK_QUOTE.8=untyped
BACK_SLASH.0=5d
BACK_SLASH.1=7d
BACK_SLASH.20=5d
BACK_SLASH.2=system
BACK_SLASH.4=5d
BACK_SLASH.8=60
BACK_SPACE.0=8
BACK_SPACE.1=7f
BACK_SPACE.20=8
BACK_SPACE.2=system
BACK_SPACE.4=7f
BACK_SPACE.8=7f
BRACELEFT.0=system
BRACELEFT.1=system
BRACELEFT.20=system
BRACELEFT.2=system
BRACELEFT.4=system
BRACELEFT.8=system
BRACERIGHT.0=system
BRACERIGHT.1=system
BRACERIGHT.20=system
BRACERIGHT.2=system
BRACERIGHT.4=system
BRACERIGHT.8=system
C.0=63
C.1=43
C.20=63
C.2=system
C.4=63
C.8=e7
CANCEL.0=system
CANCEL.1=system
CANCEL.20=system
CANCEL.2=system
CANCEL.4=system
CANCEL.8=system
CIRCUMFLEX.0=system
CIRCUMFLEX.1=system
CIRCUMFLEX.20=system
CIRCUMFLEX.2=system
CIRCUMFLEX.4=system
CIRCUMFLEX.8=system
CLEAR.0=untyped
CLEAR.1=untyped
CLEAR.20=untyped
CLEAR.2=system
CLEAR.4=untyped
CLEAR.8=untyped
CLOSE_BRACKET.0=5b
CLOSE_BRACKET.1=7b
CLOSE_BRACKET.20=5b
CLOSE_BRACKET.2=system
CLOSE_BRACKET.4=5b
CLOSE_BRACKET.8=2018
COLON.0=system
COLON.1=system
COLON.20=system
COLON.2=system
COLON.4=system
COLON.8=system
COMMA.0=2c
COMMA.1=3c
COMMA.20=2c
COMMA.2=system
COMMA.4=2c
COMMA.8=2264
COMPOSE.0=system
COMPOSE.1=system
COMPOSE.20=system
COMPOSE.2=system
COMPOSE.4=system
COMPOSE.8=system
CONVERT.0=system
CONVERT.1=system
CONVERT.20=system
CONVERT.2=system
CONVERT.4=system
CONVERT.8=system
COPY.0=system
COPY.1=system
COPY.20=system
COPY.2=system
COPY.4=system
COPY.8=system
CUT.0=system
CUT.1=system
CUT.20=system
CUT.2=system
CUT.4=system
CUT.8=system
D.0=64
D.1=44
D.20=64
D.2=system
D.4=64
D.8=2202
DECIMAL.0=2e
DECIMAL.1=2e
DECIMAL.20=2e
DECIMAL.2=system
DECIMAL.4=2e
DECIMAL.8=2e
DELETE.0=7f
DELETE.1=untyped
DELETE.20=7f
DELETE.2=system
DELETE.4=untyped
DELETE.8=untyped
DIVIDE.0=2f
DIVIDE.1=2f
DIVIDE.20=2f
DIVIDE.2=system
DIVIDE.4=2f
DIVIDE.8=2f
DOLLAR.0=system
DOLLAR.1=system
DOLLAR.20=system
DOLLAR.2=system
DOLLAR.4=system
DOLLAR.8=system
DOWN.0=untyped
DOWN.1=untyped
DOWN.20=untyped
DOWN.2=system
DOWN.4=untyped
DOWN.8=untyped
E.0=65
E.1=45
E.20=65
E.2=system
E.4=65
E.8=untyped
END.0=untyped
END.1=untyped
END.20=untyped
END.2=system
END.4=untyped
END.8=untyped
ENTER.0=a
ENTER.1=d
ENTER.20=a
ENTER.2=system
ENTER.4=d
ENTER.8=d
EQUALS.0=5e
EQUALS.1=7e
EQUALS.20=5e
EQUALS.2=system
EQUALS.4=5e
EQUALS.8=2260
ESCAPE.0=untyped
ESCAPE.1=untyped
ESCAPE.20=untyped
ESCAPE.2=system
ESCAPE.4=untyped
ESCAPE.8=untyped
EURO_SIGN.0=system
EURO_SIGN.1=system
EURO_SIGN.20=system
EURO_SIGN.2=system
EURO_SIGN.4=system
EURO_SIGN.8=system
EXCLAMATION_MARK.0=system
EXCLAMATION_MARK.1=system
EXCLAMATION_MARK.20=system
EXCLAMATION_MARK.2=system
EXCLAMATION_MARK.4=system
EXCLAMATION_MARK.8=system
F.0=66
F.1=46
F.20=66
F.2=system
F.4=66
F.8=192
FINAL.0=system
FINAL.1=system
FINAL.20=system
FINAL.2=system
FINAL.4=system
FINAL.8=system
FIND.0=system
FIND.1=system
FIND.20=system
FIND.2=system
FIND.4=system
FIND.8=system
G.0=67
G.1=47
G.20=67
G.2=system
G.4=67
G.8=a9
GREATER.0=system
GREATER.1=system
GREATER.20=system
GREATER.2=system
GREATER.4=system
GREATER.8=system
H.0=68
H.1=48
H.20=68
H.2=system
H.4=system
H.8=2d9
HELP.0=system
HELP.1=untyped
HELP.20=system
HELP.2=untyped
HELP.4=system
HELP.8=untyped
HOME.0=untyped
HOME.1=untyped
HOME.20=untyped
HOME.2=untyped
HOME.4=untyped
HOME.8=untyped
I.0=69
I.1=49
I.20=69
I.2=9
I.4=69
I.8=untyped
INSERT.0=system
INSERT.1=system
INSERT.20=system
INSERT.2=system
INSERT.4=system
INSERT.8=system
INVERTED_EXCLAMATION_MARK.0=system
INVERTED_EXCLAMATION_MARK.1=system
INVERTED_EXCLAMATION_MARK.20=system
INVERTED_EXCLAMATION_MARK.2=system
INVERTED_EXCLAMATION_MARK.4=system
INVERTED_EXCLAMATION_MARK.8=system
J.0=6a
J.1=4a
J.20=6a
J.2=a
J.4=6a
J.8=2c6
K.0=6b
K.1=4b
K.20=6b
K.2=b
K.4=6b
K.8=2da
KP_DOWN.0=system
KP_DOWN.1=system
KP_DOWN.20=system
KP_DOWN.2=system
KP_DOWN.4=system
KP_DOWN.8=system
KP_LEFT.0=system
KP_LEFT.1=system
KP_LEFT.20=system
KP_LEFT.2=system
KP_LEFT.4=system
KP_LEFT.8=system
KP_RIGHT.0=system
KP_RIGHT.1=system
KP_RIGHT.20=system
KP_RIGHT.2=system
KP_RIGHT.4=system
KP_RIGHT.8=system
KP_UP.0=system
KP_UP.1=system
KP_UP.20=system
KP_UP.2=system
KP_UP.4=system
KP_UP.8=system
L.0=6c
L.1=4c
L.20=6c
L.2=c
L.4=6c
L.8=ac
LEFT.0=untyped
LEFT.1=untyped
LEFT.20=untyped
LEFT.2=untyped
LEFT.4=untyped
LEFT.8=untyped
LEFT_PARENTHESIS.0=system
LEFT_PARENTHESIS.1=system
LEFT_PARENTHESIS.20=system
LEFT_PARENTHESIS.2=system
LEFT_PARENTHESIS.4=system
LEFT_PARENTHESIS.8=system
LESS.0=system
LESS.1=system
LESS.20=system
LESS.2=system
LESS.4=system
LESS.8=system
M.0=6d
M.1=4d
M.20=6d
M.2=d
M.4=6d
M.8=b5
MINUS.0=2d
MINUS.1=3d
MINUS.20=2d
MINUS.2=1f
MINUS.4=2d
MINUS.8=2013
MODECHANGE.0=system
MODECHANGE.1=system
MODECHANGE.20=system
MODECHANGE.2=system
MODECHANGE.4=system
MODECHANGE.8=system
MULTIPLY.0=2a
MULTIPLY.1=2a
MULTIPLY.20=2a
MULTIPLY.2=system
MULTIPLY.4=2a
MULTIPLY.8=2a
N.0=6e
N.1=4e
N.20=6e
N.2=system
N.4=6e
N.8=untyped
NONCONVERT.0=system
NONCONVERT.1=system
NONCONVERT.20=system
NONCONVERT.2=system
NONCONVERT.4=system
NONCONVERT.8=system
NUMBER_SIGN.0=system
NUMBER_SIGN.1=system
NUMBER_SIGN.20=system
NUMBER_SIGN.2=system
NUMBER_SIGN.4=system
NUMBER_SIGN.8=system
NUMPAD0.0=30
NUMPAD0.1=30
NUMPAD0.20=30
NUMPAD0.2=system
NUMPAD0.4=30
NUMPAD0.8=2dc
NUMPAD1.0=31
NUMPAD1.1=31
NUMPAD1.20=31
NUMPAD1.2=system
NUMPAD1.4=31
NUMPAD1.8=31
NUMPAD2.0=32
NUMPAD2.1=32
NUMPAD2.20=32
NUMPAD2.2=system
NUMPAD2.4=32
NUMPAD2.8=32
NUMPAD3.0=33
NUMPAD3.1=33
NUMPAD3.20=33
NUMPAD3.2=system
NUMPAD3.4=33
NUMPAD3.8=33
NUMPAD4.0=34
NUMPAD4.1=34
NUMPAD4.20=34
NUMPAD4.2=system
NUMPAD4.4=34
NUMPAD4.8=34
NUMPAD5.0=35
NUMPAD5.1=35
NUMPAD5.20=35
NUMPAD5.2=system
NUMPAD5.4=35
NUMPAD5.8=35
NUMPAD6.0=36
NUMPAD6.1=36
NUMPAD6.20=36
NUMPAD6.2=system
NUMPAD6.4=36
NUMPAD6.8=36
NUMPAD7.0=37
NUMPAD7.1=37
NUMPAD7.20=37
NUMPAD7.2=system
NUMPAD7.4=37
NUMPAD7.8=37
NUMPAD8.0=38
NUMPAD8.1=38
NUMPAD8.20=38
NUMPAD8.2=system
NUMPAD8.4=38
NUMPAD8.8=38
NUMPAD9.0=39
NUMPAD9.1=39
NUMPAD9.20=39
NUMPAD9.2=system
NUMPAD9.4=39
NUMPAD9.8=39
O.0=6f
O.1=4f
O.20=6f
O.2=system
O.4=6f
O.8=f8
OPEN_BRACKET.0=40
OPEN_BRACKET.1=60
OPEN_BRACKET.20=40
OPEN_BRACKET.2=system
OPEN_BRACKET.4=40
OPEN_BRACKET.8=201c
P.0=70
P.1=50
P.20=70
P.2=system
P.4=70
P.8=3c0
PAGE_DOWN.0=untyped
PAGE_DOWN.1=untyped
PAGE_DOWN.20=untyped
PAGE_DOWN.2=system
PAGE_DOWN.4=untyped
PAGE_DOWN.8=untyped
PAGE_UP.0=untyped
PAGE_UP.1=untyped
PAGE_UP.20=untyped
PAGE_UP.2=system
PAGE_UP.4=untyped
PAGE_UP.8=untyped
PASTE.0=system
PASTE.1=system
PASTE.20=system
PASTE.2=system
PASTE.4=system
PASTE.8=system
PAUSE.0=system
PAUSE.1=untyped
PAUSE.20=system
PAUSE.2=system
PAUSE.4=untyped
PAUSE.8=system
PERIOD.0=2e
PERIOD.1=3e
PERIOD.20=2e
PERIOD.2=system
PERIOD.4=2e
PERIOD.8=system
PLUS.0=system
PLUS.1=system
PLUS.20=system
PLUS.2=system
PLUS.4=system
PLUS.8=system
PRINTSCREEN.0=untyped
PRINTSCREEN.1=untyped
PRINTSCREEN.20=untyped
PRINTSCREEN.2=system
PRINTSCREEN.4=untyped
PRINTSCREEN.8=untyped
PROPS.0=system
PROPS.1=system
PROPS.20=system
PROPS.2=system
PROPS.4=system
PROPS.8=system
Q.0=71
Q.1=51
Q.20=71
Q.2=system
Q.4=system
Q.8=153
QUOTE.0=3a
QUOTE.1=2a
QUOTE.20=3a
QUOTE.2=system
QUOTE.4=3a
QUOTE.8=e6
QUOTEDBL.0=system
QUOTEDBL.1=system
QUOTEDBL.20=system
QUOTEDBL.2=system
QUOTEDBL.4=system
QUOTEDBL.8=system
R.0=72
R.1=52
R.20=72
R.2=system
R.4=72
R.8=ae
RIGHT.0=untyped
RIGHT.1=untyped
RIGHT.20=untyped
RIGHT.2=system
RIGHT.4=untyped
RIGHT.8=untyped
RIGHT_PARENTHESIS.0=system
RIGHT_PARENTHESIS.1=system
RIGHT_PARENTHESIS.20=system
RIGHT_PARENTHESIS.2=system
RIGHT_PARENTHESIS.4=system
RIGHT_PARENTHESIS.8=system
S.0=73
S.1=53
S.20=73
S.2=system
S.4=73
S.8=df
SEMICOLON.0=3b
SEMICOLON.1=2b
SEMICOLON.20=3b
SEMICOLON.2=system
SEMICOLON.4=3b
SEMICOLON.8=2026
SEPARATER.0=system
SEPARATER.1=system
SEPARATER.20=system
SEPARATER.2=system
SEPARATER.4=system
SEPARATER.8=system
SEPARATOR.0=system
SEPARATOR.1=system
SEPARATOR.20=system
SEPARATOR.2=system
SEPARATOR.4=system
SEPARATOR.8=system
SLASH.0=2f
SLASH.1=3f
SLASH.20=2f
SLASH.2=system
SLASH.4=2f
SLASH.8=f7
SPACE.0=20
SPACE.1=20
SPACE.20=20
SPACE.2=system
SPACE.4=system
SPACE.8=a0
STOP.0=system
STOP.1=system
STOP.20=system
STOP.2=system
STOP.4=system
STOP.8=system
SUBTRACT.0=2d
SUBTRACT.1=2d
SUBTRACT.20=2d
SUBTRACT.2=system
SUBTRACT.4=2d
SUBTRACT.8=2d
T.0=74
T.1=54
T.20=74
T.2=system
T.4=74
T.8=2020
TAB.0=9
TAB.1=9
TAB.20=9
TAB.2=system
TAB.4=system
TAB.8=9
U.0=75
U.1=55
U.20=75
U.2=15
U.4=75
U.8=untyped
UNDERSCORE.0=system
UNDERSCORE.1=system
UNDERSCORE.20=system
UNDERSCORE.2=system
UNDERSCORE.4=system
UNDERSCORE.8=system
UNDO.0=system
UNDO.1=system
UNDO.20=system
UNDO.2=system
UNDO.4=system
UNDO.8=system
UP.0=untyped
UP.1=untyped
UP.20=untyped
UP.2=untyped
UP.4=untyped
UP.8=untyped
V.0=76
V.1=56
V.20=76
V.2=16
V.4=76
V.8=221a
W.0=77
W.1=57
W.20=77
W.2=17
W.4=77
W.8=2211
X.0=78
X.1=58
X.20=78
X.2=18
X.4=78
X.8=2248
Y.0=79
Y.1=59
Y.20=79
Y.2=19
Y.4=79
Y.8=a5
Z.0=7a
Z.1=5a
Z.20=7a
Z.2=1a
Z.4=7a
Z.8=3a9
